<?xml version="1.0" encoding="UTF-8"?>
<TestRun id="aeae4b1b-a533-4cc8-8657-b73e01c02846" name="dwilloug@FERB 2012-10-15 19:42:19" runUser="USERS\dwilloug" xmlns="http://microsoft.com/schemas/VisualStudio/TeamTest/2010">
  <TestSettings name="Local" id="eacf9772-a1f5-4278-8375-4279c8e51ae9">
    <Description>These are default test settings for a local test run.</Description>
    <Deployment runDeploymentRoot="dwilloug_FERB 2012-10-15 19_42_19">
      <DeploymentItem filename="D:\Users\dwilloug\PS6\Spreadsheet\Formula.dll" />
      <DeploymentItem filename="D:\Users\dwilloug\PS6\Spreadsheet\bin\Debug\Spreadsheet.dll" />
      <DeploymentItem filename="D:\Users\dwilloug\PS6\Spreadsheet\SpreadsheetUtilities.dll" />
    </Deployment>
    <Execution>
      <TestTypeSpecific>
        <UnitTestRunConfig testTypeId="13cdc9d9-ddb5-4fa4-a97d-d965ccfc6d4b">
          <AssemblyResolution>
            <TestDirectory useLoadContext="true" />
          </AssemblyResolution>
        </UnitTestRunConfig>
        <WebTestRunConfiguration testTypeId="4e7599fa-5ecb-43e9-a887-cd63cf72d207">
          <Browser name="Internet Explorer 7.0">
            <Headers>
              <Header name="User-Agent" value="Mozilla/4.0 (compatible; MSIE 7.0; Windows NT 5.1)" />
              <Header name="Accept" value="*/*" />
              <Header name="Accept-Language" value="{{$IEAcceptLanguage}}" />
              <Header name="Accept-Encoding" value="GZIP" />
            </Headers>
          </Browser>
        </WebTestRunConfiguration>
      </TestTypeSpecific>
      <AgentRule name="LocalMachineDefaultRole">
        <DataCollectors>
          <DataCollector uri="datacollector://microsoft/CodeCoverage/1.0" assemblyQualifiedName="Microsoft.VisualStudio.TestTools.CodeCoverage.CoveragePlugIn, Microsoft.VisualStudio.QualityTools.Plugins.CodeCoverage, Version=10.0.0.0, Culture=neutral, PublicKeyToken=b03f5f7f11d50a3a" friendlyName="Code Coverage">
            <Configuration>
              <CodeCoverage xmlns="">
                <Regular>
                  <CodeCoverageItem binaryFile="D:\Users\dwilloug\PS6\Spreadsheet\bin\Debug\Spreadsheet.dll" pdbFile="D:\Users\dwilloug\PS6\Spreadsheet\bin\Debug\Spreadsheet.instr.pdb" instrumentInPlace="true" />
                </Regular>
              </CodeCoverage>
            </Configuration>
          </DataCollector>
        </DataCollectors>
      </AgentRule>
    </Execution>
  </TestSettings>
  <Times creation="2012-10-15T19:42:19.3226669-06:00" queuing="2012-10-15T19:42:20.2256669-06:00" start="2012-10-15T19:42:20.2916669-06:00" finish="2012-10-15T19:42:23.5626669-06:00" />
  <ResultSummary outcome="Completed">
    <Counters total="1" executed="1" passed="1" error="0" failed="0" timeout="0" aborted="0" inconclusive="0" passedButRunAborted="0" notRunnable="0" notExecuted="0" disconnected="0" warning="0" completed="0" inProgress="0" pending="0" />
    <ResultFiles>
      <ResultFile path="FERB\data.coverage" />
    </ResultFiles>
  </ResultSummary>
  <TestDefinitions>
    <UnitTest name="CodedUITestMethod1" storage="d:\users\dwilloug\ps6\spreadsheettests\bin\debug\spreadsheettests.dll" id="6d2b361e-7f88-586c-4ac1-4f041b2831a5">
      <Execution id="edb51e28-2d0d-4c14-966c-4dce2d8f054e" />
      <TestMethod codeBase="D:\Users\dwilloug\PS6\SpreadsheetTests\bin\Debug\SpreadsheetTests.dll" adapterTypeName="Microsoft.VisualStudio.TestTools.TestTypes.Unit.UnitTestAdapter, Microsoft.VisualStudio.QualityTools.Tips.UnitTest.Adapter, Version=10.0.0.0, Culture=neutral, PublicKeyToken=b03f5f7f11d50a3a" className="SpreadsheetTests.CodedUITest1, SpreadsheetTests" name="CodedUITestMethod1" />
      <Extension>Microsoft.VisualStudio.TestTools.UITesting.CodedUITestAttribute, Microsoft.VisualStudio.QualityTools.CodedUITestFramework, Version=10.0.0.0, Culture=neutral, PublicKeyToken=b03f5f7f11d50a3a</Extension>
    </UnitTest>
  </TestDefinitions>
  <TestLists>
    <TestList name="Results Not in a List" id="8c84fa94-04c1-424b-9868-57a2d4851a1d" />
    <TestList name="All Loaded Results" id="19431567-8539-422a-85d7-44ee4e166bda" />
  </TestLists>
  <TestEntries>
    <TestEntry testId="6d2b361e-7f88-586c-4ac1-4f041b2831a5" executionId="edb51e28-2d0d-4c14-966c-4dce2d8f054e" testListId="8c84fa94-04c1-424b-9868-57a2d4851a1d" />
  </TestEntries>
  <Results>
    <UnitTestResult executionId="edb51e28-2d0d-4c14-966c-4dce2d8f054e" testId="6d2b361e-7f88-586c-4ac1-4f041b2831a5" testName="CodedUITestMethod1" computerName="FERB" duration="00:00:00.4033262" startTime="2012-10-15T19:42:21.1636669-06:00" endTime="2012-10-15T19:42:21.9506669-06:00" testType="13cdc9d9-ddb5-4fa4-a97d-d965ccfc6d4b" outcome="Passed" testListId="8c84fa94-04c1-424b-9868-57a2d4851a1d" relativeResultsDirectory="edb51e28-2d0d-4c14-966c-4dce2d8f054e">
      <Output>
        <DebugTrace>W, 185228, 15, 2012/10/15, 19:42:21.932, 37020454844630, QTAgent32.exe, IEDOM : StopSession of the plugin called before StartSession
W, 185228, 15, 2012/10/15, 19:42:21.933, 37020454870802, QTAgent32.exe, UIA : StopSession of the plugin called before StartSession
</DebugTrace>
      </Output>
    </UnitTestResult>
  </Results>
</TestRun>